Reusing configuration cache.
> Task :createMinecraftArtifacts UP-TO-DATE

> Task :compileJava
./gradlew : C:\Users\user\.gemini\antigravity\scratch\virtual_explorer\src\main\java\com\example\virtualexplorer\block\
entity\VirtualMappingTableBlockEntity.java:348: 繧ｨ繝ｩ繝ｼ: 繧ｷ繝ｳ繝懊Ν繧定ｦ九▽縺代ｉ繧後∪縺帙ｓ
発生場所 行:1 文字:1
+ ./gradlew compileJava > build_output.txt 2>&1
+ ~~~~~~~~~~~~~~~~~~~~~~~~~~~~~~~~~~~~~~~~~~~~~
    + CategoryInfo          : NotSpecified: (C:\Users\user\....Ν繧定ｦ九▽縺代ｉ繧後∪縺帙ｓ:String) [], RemoteException
    + FullyQualifiedErrorId : NativeCommandError
 
                structureKey = ResourceKey.create(Registries.STRUCTURE, ResourceLocation.parse(pinTargetStructure));
                                                                        ^
  繧ｷ繝ｳ繝懊Ν:   螟画焚 ResourceLocation
  蝣ｴ謇: 繧ｯ繝ｩ繧ｹ VirtualMappingTableBlockEntity
C:\Users\user\.gemini\antigravity\scratch\virtual_explorer\src\main\java\com\example\virtualexplorer\compat\jei\JEIPlug
in.java:36: 繧ｨ繝ｩ繝ｼ: 繧ｷ繝ｳ繝懊Ν繧定ｦ九▽縺代ｉ繧後∪縺帙ｓ
            new ItemStack(ItemInit.SURFACE_MODULE.get()),
                                  ^
  繧ｷ繝ｳ繝懊Ν:   螟画焚 SURFACE_MODULE
  蝣ｴ謇: 繧ｯ繝ｩ繧ｹ ItemInit
C:\Users\user\.gemini\antigravity\scratch\virtual_explorer\src\main\java\com\example\virtualexplorer\compat\jei\JEIPlug
in.java:42: 繧ｨ繝ｩ繝ｼ: 繧ｷ繝ｳ繝懊Ν繧定ｦ九▽縺代ｉ繧後∪縺帙ｓ
            new ItemStack(ItemInit.UNDERGROUND_MODULE.get()),
                                  ^
  繧ｷ繝ｳ繝懊Ν:   螟画焚 UNDERGROUND_MODULE
  蝣ｴ謇: 繧ｯ繝ｩ繧ｹ ItemInit
C:\Users\user\.gemini\antigravity\scratch\virtual_explorer\src\main\java\com\example\virtualexplorer\compat\jei\JEIPlug
in.java:48: 繧ｨ繝ｩ繝ｼ: 繧ｷ繝ｳ繝懊Ν繧定ｦ九▽縺代ｉ繧後∪縺帙ｓ
            new ItemStack(ItemInit.NETHER_MODULE.get()),
                                  ^
  繧ｷ繝ｳ繝懊Ν:   螟画焚 NETHER_MODULE
  蝣ｴ謇: 繧ｯ繝ｩ繧ｹ ItemInit
C:\Users\user\.gemini\antigravity\scratch\virtual_explorer\src\main\java\com\example\virtualexplorer\compat\jei\JEIPlug
in.java:54: 繧ｨ繝ｩ繝ｼ: 繧ｷ繝ｳ繝懊Ν繧定ｦ九▽縺代ｉ繧後∪縺帙ｓ
            new ItemStack(ItemInit.END_MODULE.get()),
                                  ^
  繧ｷ繝ｳ繝懊Ν:   螟画焚 END_MODULE
  蝣ｴ謇: 繧ｯ繝ｩ繧ｹ ItemInit
C:\Users\user\.gemini\antigravity\scratch\virtual_explorer\src\main\java\com\example\virtualexplorer\compat\jei\Virtual
MappingTableRecipeCategory.java:43: 隴ｦ蜻・ [removal] IRecipeCategory縺ｮgetBackground()縺ｯ謗ｨ螂ｨ縺輔ｌ縺ｦ縺翫ｉ縺壹∝炎髯､逕ｨ縺ｫ繝槭・繧ｯ縺輔ｌ縺ｦ縺
・∪縺・    public IDrawable getBackground() {
                     ^
C:\Users\user\.gemini\antigravity\scratch\virtual_explorer\src\main\java\com\example\virtualexplorer\item\TargetPinItem
.java:36: 繧ｨ繝ｩ繝ｼ: 荳埼←蜷医↑蝙・ Map<Structure,LongSet>繧樽ap<Structure,StructureStart>縺ｫ螟画鋤縺ｧ縺阪∪縺帙ｓ:
            Map<Structure, StructureStart> structures = serverLevel.structureManager().getAllStructuresAt(player.blockP
osition());
                                                                                                         ^
C:\Users\user\.gemini\antigravity\scratch\virtual_explorer\src\main\java\com\example\virtualexplorer\VirtualExplorerCli
ent.java:16: 隴ｦ蜻・ [removal] EventBusSubscriber縺ｮbus()縺ｯ謗ｨ螂ｨ縺輔ｌ縺ｦ縺翫ｉ縺壹∝炎髯､逕ｨ縺ｫ繝槭・繧ｯ縺輔ｌ縺ｦ縺・∪縺・@EventBusSubscriber(modid 
= VirtualExplorer.MODID, bus = EventBusSubscriber.Bus.MOD, value = Dist.CLIENT)
                                                   ^
C:\Users\user\.gemini\antigravity\scratch\virtual_explorer\src\main\java\com\example\virtualexplorer\VirtualExplorerCli
ent.java:16: 隴ｦ蜻・ [removal] EventBusSubscriber縺ｮBus縺ｯ謗ｨ螂ｨ縺輔ｌ縺ｦ縺翫ｉ縺壹∝炎髯､逕ｨ縺ｫ繝槭・繧ｯ縺輔ｌ縺ｦ縺・∪縺・@EventBusSubscriber(modid = 
VirtualExplorer.MODID, bus = EventBusSubscriber.Bus.MOD, value = Dist.CLIENT)
                                                                           ^
繧ｨ繝ｩ繝ｼ6蛟・
隴ｦ蜻・蛟・

> Task :compileJava FAILED

[Incubating] Problems report is available at: file:///C:/Users/user/.gemini/antigravity/scratch/virtual_explorer/build/reports/problems/problems-report.html

FAILURE: Build failed with an exception.

* What went wrong:
Execution failed for task ':compileJava'.
> Compilation failed; see the compiler output below.
  C:\Users\user\.gemini\antigravity\scratch\virtual_explorer\src\main\java\com\example\virtualexplorer\item\TargetPinIt
em.java:36: 繧ｨ繝ｩ繝ｼ: 荳埼←蜷医↑蝙・ Map<Structure,LongSet>繧樽ap<Structure,StructureStart>縺ｫ螟画鋤縺ｧ縺阪∪縺帙ｓ:
              Map<Structure, StructureStart> structures = serverLevel.structureManager().getAllStructuresAt(player.bloc
kPosition());
                                                                                                           ^
  C:\Users\user\.gemini\antigravity\scratch\virtual_explorer\src\main\java\com\example\virtualexplorer\block\entity\Vir
tualMappingTableBlockEntity.java:348: 繧ｨ繝ｩ繝ｼ: 繧ｷ繝ｳ繝懊Ν繧定ｦ九▽縺代ｉ繧後∪縺帙ｓ
                  structureKey = ResourceKey.create(Registries.STRUCTURE, ResourceLocation.parse(pinTargetStructure));
                                                                          ^
    繧ｷ繝ｳ繝懊Ν:   螟画焚 ResourceLocation
    蝣ｴ謇: 繧ｯ繝ｩ繧ｹ VirtualMappingTableBlockEntity
  C:\Users\user\.gemini\antigravity\scratch\virtual_explorer\src\main\java\com\example\virtualexplorer\compat\jei\JEIPl
ugin.java:36: 繧ｨ繝ｩ繝ｼ: 繧ｷ繝ｳ繝懊Ν繧定ｦ九▽縺代ｉ繧後∪縺帙ｓ
              new ItemStack(ItemInit.SURFACE_MODULE.get()),
                                    ^
    繧ｷ繝ｳ繝懊Ν:   螟画焚 SURFACE_MODULE
    蝣ｴ謇: 繧ｯ繝ｩ繧ｹ ItemInit
  C:\Users\user\.gemini\antigravity\scratch\virtual_explorer\src\main\java\com\example\virtualexplorer\compat\jei\JEIPl
ugin.java:42: 繧ｨ繝ｩ繝ｼ: 繧ｷ繝ｳ繝懊Ν繧定ｦ九▽縺代ｉ繧後∪縺帙ｓ
              new ItemStack(ItemInit.UNDERGROUND_MODULE.get()),
                                    ^
    繧ｷ繝ｳ繝懊Ν:   螟画焚 UNDERGROUND_MODULE
    蝣ｴ謇: 繧ｯ繝ｩ繧ｹ ItemInit
  C:\Users\user\.gemini\antigravity\scratch\virtual_explorer\src\main\java\com\example\virtualexplorer\compat\jei\JEIPl
ugin.java:48: 繧ｨ繝ｩ繝ｼ: 繧ｷ繝ｳ繝懊Ν繧定ｦ九▽縺代ｉ繧後∪縺帙ｓ
              new ItemStack(ItemInit.NETHER_MODULE.get()),
                                    ^
    繧ｷ繝ｳ繝懊Ν:   螟画焚 NETHER_MODULE
    蝣ｴ謇: 繧ｯ繝ｩ繧ｹ ItemInit
  C:\Users\user\.gemini\antigravity\scratch\virtual_explorer\src\main\java\com\example\virtualexplorer\compat\jei\JEIPl
ugin.java:54: 繧ｨ繝ｩ繝ｼ: 繧ｷ繝ｳ繝懊Ν繧定ｦ九▽縺代ｉ繧後∪縺帙ｓ
              new ItemStack(ItemInit.END_MODULE.get()),
                                    ^
    繧ｷ繝ｳ繝懊Ν:   螟画焚 END_MODULE
    蝣ｴ謇: 繧ｯ繝ｩ繧ｹ ItemInit
  C:\Users\user\.gemini\antigravity\scratch\virtual_explorer\src\main\java\com\example\virtualexplorer\compat\jei\Virtu
alMappingTableRecipeCategory.java:43: 隴ｦ蜻・ [removal] IRecipeCategory縺ｮgetBackground()縺ｯ謗ｨ螂ｨ縺輔ｌ縺ｦ縺翫ｉ縺壹∝炎髯､逕ｨ縺ｫ繝槭・繧ｯ縺輔ｌ縺
ｦ縺・∪縺・      public IDrawable getBackground() {
                       ^
  C:\Users\user\.gemini\antigravity\scratch\virtual_explorer\src\main\java\com\example\virtualexplorer\VirtualExplorerC
lient.java:16: 隴ｦ蜻・ [removal] EventBusSubscriber縺ｮbus()縺ｯ謗ｨ螂ｨ縺輔ｌ縺ｦ縺翫ｉ縺壹∝炎髯､逕ｨ縺ｫ繝槭・繧ｯ縺輔ｌ縺ｦ縺・∪縺・  @EventBusSubscriber(mo
did = VirtualExplorer.MODID, bus = EventBusSubscriber.Bus.MOD, value = Dist.CLIENT)
                                                     ^
  C:\Users\user\.gemini\antigravity\scratch\virtual_explorer\src\main\java\com\example\virtualexplorer\VirtualExplorerC
lient.java:16: 隴ｦ蜻・ [removal] EventBusSubscriber縺ｮBus縺ｯ謗ｨ螂ｨ縺輔ｌ縺ｦ縺翫ｉ縺壹∝炎髯､逕ｨ縺ｫ繝槭・繧ｯ縺輔ｌ縺ｦ縺・∪縺・  @EventBusSubscriber(modi
d = VirtualExplorer.MODID, bus = EventBusSubscriber.Bus.MOD, value = Dist.CLIENT)
                                                                             ^
  繧ｨ繝ｩ繝ｼ6蛟・
  隴ｦ蜻・蛟・

* Try:
> Check your code and dependencies to fix the compilation error(s)
> Run with --scan to generate a Build Scan (powered by Develocity).

BUILD FAILED in 18s
2 actionable tasks: 1 executed, 1 up-to-date
Configuration cache entry reused.
